I'm sorry, but errors were detected in your script. Please correct the
errors listed below, and try again.


File "game/script.rpy", line 33: expected end of line
    play music Kingdom Hearts Birth By Sleep OST - Dearly Beloved
                       ^

Ren'Py Version: Ren'Py 7.4.8.1895
Sun Sep 19 13:26:48 2021
